c:\users\umara\onedrive\desktop\university\comp 442\mdc\src\debug\vc142.pdb
c:\users\umara\onedrive\desktop\university\comp 442\mdc\src\debug\compositeconcepttoken.obj
c:\users\umara\onedrive\desktop\university\comp 442\mdc\src\debug\compositeconcept.obj
c:\users\umara\onedrive\desktop\university\comp 442\mdc\src\debug\classlist.obj
c:\users\umara\onedrive\desktop\university\comp 442\mdc\src\debug\classimplfunclist.obj
c:\users\umara\onedrive\desktop\university\comp 442\mdc\src\debug\classimplfunc.obj
c:\users\umara\onedrive\desktop\university\comp 442\mdc\src\debug\classentry.obj
c:\users\umara\onedrive\desktop\university\comp 442\mdc\src\debug\classdecl.obj
c:\users\umara\onedrive\desktop\university\comp 442\mdc\src\debug\attrdecl.obj
c:\users\umara\onedrive\desktop\university\comp 442\mdc\src\debug\astfactory.obj
c:\users\umara\onedrive\desktop\university\comp 442\mdc\src\debug\assignstat.obj
c:\users\umara\onedrive\desktop\university\comp 442\mdc\src\debug\assign.obj
c:\users\umara\onedrive\desktop\university\comp 442\mdc\src\debug\arraysizelist.obj
c:\users\umara\onedrive\desktop\university\comp 442\mdc\src\debug\arraysize.obj
c:\users\umara\onedrive\desktop\university\comp 442\mdc\src\debug\arithexpr.obj
c:\users\umara\onedrive\desktop\university\comp 442\mdc\src\debug\aparamslist.obj
c:\users\umara\onedrive\desktop\university\comp 442\mdc\src\debug\and.obj
c:\users\umara\onedrive\desktop\university\comp 442\mdc\src\debug\addtermlist.obj
c:\users\umara\onedrive\desktop\university\comp 442\mdc\src\debug\addop.obj
c:\users\umara\onedrive\desktop\university\comp 442\mdc\src\debug\add.obj
c:\users\umara\onedrive\desktop\university\comp 442\mdc\src\debug\id.obj
c:\users\umara\onedrive\desktop\university\comp 442\mdc\src\debug\greaterthanoreqto.obj
c:\users\umara\onedrive\desktop\university\comp 442\mdc\src\debug\greaterthan.obj
c:\users\umara\onedrive\desktop\university\comp 442\mdc\src\debug\functionentry.obj
c:\users\umara\onedrive\desktop\university\comp 442\mdc\src\debug\funchead.obj
c:\users\umara\onedrive\desktop\university\comp 442\mdc\src\debug\funcdeflist.obj
c:\users\umara\onedrive\desktop\university\comp 442\mdc\src\debug\funcdef.obj
c:\users\umara\onedrive\desktop\university\comp 442\mdc\src\debug\funcdecl.obj
c:\users\umara\onedrive\desktop\university\comp 442\mdc\src\debug\funccall.obj
c:\users\umara\onedrive\desktop\university\comp 442\mdc\src\debug\funcbody.obj
c:\users\umara\onedrive\desktop\university\comp 442\mdc\src\debug\fparamslist.obj
c:\users\umara\onedrive\desktop\university\comp 442\mdc\src\debug\fparams.obj
c:\users\umara\onedrive\desktop\university\comp 442\mdc\src\debug\floatlit.obj
c:\users\umara\onedrive\desktop\university\comp 442\mdc\src\debug\floatid.obj
c:\users\umara\onedrive\desktop\university\comp 442\mdc\src\debug\factor.obj
c:\users\umara\onedrive\desktop\university\comp 442\mdc\src\debug\extraexpr.obj
c:\users\umara\onedrive\desktop\university\comp 442\mdc\src\debug\expr.obj
c:\users\umara\onedrive\desktop\university\comp 442\mdc\src\debug\eqto.obj
c:\users\umara\onedrive\desktop\university\comp 442\mdc\src\debug\divide.obj
c:\users\umara\onedrive\desktop\university\comp 442\mdc\src\debug\memdecl.obj
c:\users\umara\onedrive\desktop\university\comp 442\mdc\src\debug\memberlist.obj
c:\users\umara\onedrive\desktop\university\comp 442\mdc\src\debug\main.obj
c:\users\umara\onedrive\desktop\university\comp 442\mdc\src\debug\localvardecllist.obj
c:\users\umara\onedrive\desktop\university\comp 442\mdc\src\debug\localvardecl.obj
c:\users\umara\onedrive\desktop\university\comp 442\mdc\src\debug\token.obj
c:\users\umara\onedrive\desktop\university\comp 442\mdc\src\debug\lexer.obj
c:\users\umara\onedrive\desktop\university\comp 442\mdc\src\debug\lessthanoreqto.obj
c:\users\umara\onedrive\desktop\university\comp 442\mdc\src\debug\lessthan.obj
c:\users\umara\onedrive\desktop\university\comp 442\mdc\src\debug\isalist.obj
c:\users\umara\onedrive\desktop\university\comp 442\mdc\src\debug\isa.obj
c:\users\umara\onedrive\desktop\university\comp 442\mdc\src\debug\intlit.obj
c:\users\umara\onedrive\desktop\university\comp 442\mdc\src\debug\integerid.obj
c:\users\umara\onedrive\desktop\university\comp 442\mdc\src\debug\indicelist.obj
c:\users\umara\onedrive\desktop\university\comp 442\mdc\src\debug\indice.obj
c:\users\umara\onedrive\desktop\university\comp 442\mdc\src\debug\implementationentry.obj
c:\users\umara\onedrive\desktop\university\comp 442\mdc\src\debug\impldeflist.obj
c:\users\umara\onedrive\desktop\university\comp 442\mdc\src\debug\impldef.obj
c:\users\umara\onedrive\desktop\university\comp 442\mdc\src\debug\implbody.obj
c:\users\umara\onedrive\desktop\university\comp 442\mdc\src\debug\ifstat.obj
c:\users\umara\onedrive\desktop\university\comp 442\mdc\src\debug\self.obj
c:\users\umara\onedrive\desktop\university\comp 442\mdc\src\debug\returnstat.obj
c:\users\umara\onedrive\desktop\university\comp 442\mdc\src\debug\relop.obj
c:\users\umara\onedrive\desktop\university\comp 442\mdc\src\debug\relexpr.obj
c:\users\umara\onedrive\desktop\university\comp 442\mdc\src\debug\recfactor.obj
c:\users\umara\onedrive\desktop\university\comp 442\mdc\src\debug\readstat.obj
c:\users\umara\onedrive\desktop\university\comp 442\mdc\src\debug\public.obj
c:\users\umara\onedrive\desktop\university\comp 442\mdc\src\debug\prog.obj
c:\users\umara\onedrive\desktop\university\comp 442\mdc\src\debug\private.obj
c:\users\umara\onedrive\desktop\university\comp 442\mdc\src\debug\period.obj
c:\users\umara\onedrive\desktop\university\comp 442\mdc\src\debug\ast.obj
c:\users\umara\onedrive\desktop\university\comp 442\mdc\src\debug\parser.obj
c:\users\umara\onedrive\desktop\university\comp 442\mdc\src\debug\parserutility.obj
c:\users\umara\onedrive\desktop\university\comp 442\mdc\src\debug\paramentry.obj
c:\users\umara\onedrive\desktop\university\comp 442\mdc\src\debug\or.obj
c:\users\umara\onedrive\desktop\university\comp 442\mdc\src\debug\notfactor.obj
c:\users\umara\onedrive\desktop\university\comp 442\mdc\src\debug\noteqto.obj
c:\users\umara\onedrive\desktop\university\comp 442\mdc\src\debug\not.obj
c:\users\umara\onedrive\desktop\university\comp 442\mdc\src\debug\multop.obj
c:\users\umara\onedrive\desktop\university\comp 442\mdc\src\debug\multiply.obj
c:\users\umara\onedrive\desktop\university\comp 442\mdc\src\debug\visibilityentry.obj
c:\users\umara\onedrive\desktop\university\comp 442\mdc\src\debug\visibility.obj
c:\users\umara\onedrive\desktop\university\comp 442\mdc\src\debug\variableentry.obj
c:\users\umara\onedrive\desktop\university\comp 442\mdc\src\debug\variable.obj
c:\users\umara\onedrive\desktop\university\comp 442\mdc\src\debug\vardecl.obj
c:\users\umara\onedrive\desktop\university\comp 442\mdc\src\debug\typecheckingvisitor.obj
c:\users\umara\onedrive\desktop\university\comp 442\mdc\src\debug\tokenast.obj
c:\users\umara\onedrive\desktop\university\comp 442\mdc\src\debug\term.obj
c:\users\umara\onedrive\desktop\university\comp 442\mdc\src\debug\tempentry.obj
c:\users\umara\onedrive\desktop\university\comp 442\mdc\src\debug\symboltablevisitor.obj
c:\users\umara\onedrive\desktop\university\comp 442\mdc\src\debug\symboltablehelper.obj
c:\users\umara\onedrive\desktop\university\comp 442\mdc\src\debug\symboltableentry.obj
c:\users\umara\onedrive\desktop\university\comp 442\mdc\src\debug\symboltable.obj
c:\users\umara\onedrive\desktop\university\comp 442\mdc\src\debug\subt.obj
c:\users\umara\onedrive\desktop\university\comp 442\mdc\src\debug\statementlist.obj
c:\users\umara\onedrive\desktop\university\comp 442\mdc\src\debug\statement.obj
c:\users\umara\onedrive\desktop\university\comp 442\mdc\src\debug\statblock.obj
c:\users\umara\onedrive\desktop\university\comp 442\mdc\src\debug\start.obj
c:\users\umara\onedrive\desktop\university\comp 442\mdc\src\debug\signfactor.obj
c:\users\umara\onedrive\desktop\university\comp 442\mdc\src\debug\sign.obj
c:\users\umara\onedrive\desktop\university\comp 442\mdc\src\debug\writestat.obj
c:\users\umara\onedrive\desktop\university\comp 442\mdc\src\debug\whilestat.obj
c:\users\umara\onedrive\desktop\university\comp 442\mdc\src\debug\void.obj
c:\users\umara\onedrive\desktop\university\comp 442\mdc\src\debug\vismemberdecllist.obj
c:\users\umara\onedrive\desktop\university\comp 442\mdc\src\debug\vismemberdecl.obj
c:\users\umara\onedrive\desktop\university\comp 442\mdc\src\debug\visitor.obj
c:\users\umara\onedrive\desktop\university\comp 442\mdc\src\debug\mdc.pdb
c:\users\umara\onedrive\desktop\university\comp 442\mdc\src\debug\mdc.tlog\cl.command.1.tlog
c:\users\umara\onedrive\desktop\university\comp 442\mdc\src\debug\mdc.tlog\cl.read.1.tlog
c:\users\umara\onedrive\desktop\university\comp 442\mdc\src\debug\mdc.tlog\cl.write.1.tlog
c:\users\umara\onedrive\desktop\university\comp 442\mdc\src\debug\mdc.tlog\link.38344-cvtres.read.1.tlog
c:\users\umara\onedrive\desktop\university\comp 442\mdc\src\debug\mdc.tlog\link.38344-cvtres.write.1.tlog
c:\users\umara\onedrive\desktop\university\comp 442\mdc\src\debug\mdc.tlog\link.38344-rc.read.1.tlog
c:\users\umara\onedrive\desktop\university\comp 442\mdc\src\debug\mdc.tlog\link.38344-rc.write.1.tlog
c:\users\umara\onedrive\desktop\university\comp 442\mdc\src\debug\mdc.tlog\link.38344.read.1.tlog
c:\users\umara\onedrive\desktop\university\comp 442\mdc\src\debug\mdc.tlog\link.38344.write.1.tlog
c:\users\umara\onedrive\desktop\university\comp 442\mdc\src\debug\mdc.tlog\link.command.1.tlog
c:\users\umara\onedrive\desktop\university\comp 442\mdc\src\debug\mdc.tlog\link.read.1.tlog
c:\users\umara\onedrive\desktop\university\comp 442\mdc\src\debug\mdc.tlog\link.write.1.tlog
