  Add.cpp
  addFactorList.cpp
  addOp.cpp
  addTermArithExpr.cpp
  addTermList.cpp
  And.cpp
  AParamsList.cpp
  arithExpr.cpp
  ArraySize.cpp
  ArraySizeList.cpp
  Assign.cpp
  AssignStat.cpp
  ASTFactory.cpp
  attrDecl.cpp
  classDecl.cpp
  ClassImplFunc.cpp
  ClassImplFuncList.cpp
  classList.cpp
  CompositeConcept.cpp
  CompositeConcept.h
  Generating Code...
  Compiling...
  compositeConceptToken.cpp
  Divide.cpp
  EqTo.cpp
  expr.cpp
  extraExpr.cpp
  factor.cpp
  FloatID.cpp
  floatLit.cpp
  fParams.cpp
  fParams.h
  fParamsList.cpp
  funcBody.cpp
  funcDecl.cpp
  funcDef.cpp
  funcDeflist.cpp
  funcHead.cpp
  greaterThan.cpp
  GreaterThanOrEqTo.cpp
  ID.cpp
  IfStat.cpp
  Generating Code...
  Compiling...
  ImplBody.cpp
  ImplDef.cpp
  ImplDefList.cpp
  IntegerID.cpp
  IntLit.cpp
  ISA.cpp
  IsaList.cpp
  LessThan.cpp
  LessThanOrEqTo.cpp
  lexer.cpp
  Token.cpp
  LocalVarDecl.cpp
  localVarDecllist.cpp
  main.cpp
  memberList.cpp
  memDecl.cpp
  Multiply.cpp
  multOp.cpp
  Not.cpp
  NotEqTo.cpp
  Generating Code...
  Compiling...
  notFactor.cpp
  Or.cpp
  parserUtility.cpp
  parser.cpp
  AST.cpp
  Period.cpp
  Private.cpp
  prog.cpp
  Public.cpp
  readStat.cpp
  recFactor.cpp
  relExpr.cpp
  relOp.cpp
  returnStat.cpp
  Self.cpp
  sign.cpp
  signFactor.cpp
  Start.cpp
  statBlock.cpp
  Statement.cpp
  Generating Code...
  Compiling...
  statementList.cpp
  Subt.cpp
  term.cpp
  tokenAST.cpp
  varDecl.cpp
  visibility.cpp
  VisMemberDecl.cpp
  VisMemberDeclList.cpp
  Void.cpp
  whileStat.cpp
  writeStat.cpp
  Generating Code...
Debug\CompositeConcept.obj : warning LNK4042: object specified more than once; extras ignored
Debug\fParams.obj : warning LNK4042: object specified more than once; extras ignored
  MDC.vcxproj -> C:\Users\umara\OneDrive\Desktop\University\COMP 442\MDC\src\Debug\MDC.exe
